============================= test session starts ==============================
platform linux -- Python 3.12.3, pytest-9.1.1, pluggy-1.6.0 -- /home/yhwang/fyp/libero_demo/venv/bin/python
cachedir: /mnt/d/FYP/First_Phase/tmp/joint_home_20261009_software_cache
rootdir: /mnt/d/FYP/First_Phase/scene_demo
plugins: hydra-core-1.3.7, platformdirs-4.12.3, anyio-4.15.1, typeguard-4.6.0
collecting ... collected 200 items

test_subtask_assist.py::GeometryBoundsTests::test_box_bounds_center_half_and_aabb PASSED [  0%]
test_subtask_assist.py::GeometryBoundsTests::test_capsule_half_extends_by_radius_along_axis PASSED [  1%]
test_subtask_assist.py::GeometryBoundsTests::test_invalid_rotation_rejected PASSED [  1%]
test_subtask_assist.py::GeometryBoundsTests::test_mesh_bounds_from_vertices PASSED [  2%]
test_subtask_assist.py::GeometryBoundsTests::test_mesh_missing_vertices_rejected PASSED [  2%]
test_subtask_assist.py::GeometryBoundsTests::test_noncollidable_geometry_rejected PASSED [  3%]
test_subtask_assist.py::FingerprintTests::test_fingerprint_changes_on_shape_change PASSED [  3%]
test_subtask_assist.py::FingerprintTests::test_fingerprint_invariant_to_geom_rename PASSED [  4%]
test_subtask_assist.py::FingerprintTests::test_fingerprint_invariant_to_global_rigid_transform PASSED [  4%]
test_subtask_assist.py::FingerprintTests::test_fingerprint_normalizes_negative_zero PASSED [  5%]
test_subtask_assist.py::FingerprintTests::test_fingerprint_rejects_missing_fields PASSED [  5%]
test_subtask_assist.py::FingerprintTests::test_fingerprint_repr_has_no_negative_zero PASSED [  6%]
test_subtask_assist.py::ContextTests::test_build_context_roundtrip PASSED [  6%]
test_subtask_assist.py::ContextTests::test_calibrated_selection_requires_shape_and_key PASSED [  7%]
test_subtask_assist.py::ContextTests::test_foreign_held_object_blocked PASSED [  7%]
test_subtask_assist.py::ContextTests::test_geometry_renaming_preserves_selection PASSED [  8%]
test_subtask_assist.py::ContextTests::test_goal_object_mismatch_rejected PASSED [  8%]
test_subtask_assist.py::ContextTests::test_low_wide_never_selects_grasp PASSED [  9%]
test_subtask_assist.py::ContextTests::test_tilted_never_selects_side_helper PASSED [  9%]
test_subtask_assist.py::ContextTests::test_unknown_grasp_state_blocked PASSED [ 10%]
test_subtask_assist.py::ContextTests::test_upright_elongated_without_calibration_matches_no_grasp PASSED [ 10%]
test_subtask_assist.py::ObstructionTests::test_current_pose_collision_rejected_at_controller PASSED [ 11%]
test_subtask_assist.py::ObstructionTests::test_interp_orientations_spacing_and_endpoints PASSED [ 11%]
test_subtask_assist.py::ObstructionTests::test_interp_positions_spacing_and_endpoints PASSED [ 12%]
test_subtask_assist.py::ObstructionTests::test_large_obstacle_enclosing_xy_remains_relevant PASSED [ 12%]
test_subtask_assist.py::ObstructionTests::test_nonempty_held_object_rejected PASSED [ 13%]
test_subtask_assist.py::ObstructionTests::test_pose_collisions_empty_for_non_overlap PASSED [ 13%]
test_subtask_assist.py::ObstructionTests::test_pose_collisions_sat_separation PASSED [ 14%]
test_subtask_assist.py::ObstructionTests::test_rotated_boundary_contact_detected PASSED [ 14%]
test_subtask_assist.py::ObstructionTests::test_transformed_hand_local_world_conversion PASSED [ 15%]
test_subtask_assist.py::ObstructionTests::test_transformed_hand_world_conversion_rotated PASSED [ 15%]
test_subtask_assist.py::ObstructionTests::test_unknown_empty_hand_state_rejected PASSED [ 16%]
test_subtask_assist.py::RouteTests::test_check_route_rejects_final_endpoint_collision PASSED [ 16%]
test_subtask_assist.py::RouteTests::test_route_selection_independent_of_object_name PASSED [ 17%]
test_subtask_assist.py::ControllerProgressTests::test_closed_gap_mutation_fails_before_servo PASSED [ 17%]
test_subtask_assist.py::ControllerProgressTests::test_confirmation_sampling_advances_on_fifth PASSED [ 18%]
test_subtask_assist.py::ControllerProgressTests::test_final_waypoint_confirmation_reaches_ready PASSED [ 18%]
test_subtask_assist.py::ControllerProgressTests::test_foreign_held_mutation_fails_before_servo PASSED [ 19%]
test_subtask_assist.py::ControllerProgressTests::test_no_collision_fixture_produces_plan PASSED [ 19%]
test_subtask_assist.py::ControllerProgressTests::test_object_displacement_mutation_fails_before_servo PASSED [ 20%]
test_subtask_assist.py::ControllerProgressTests::test_observe_after_malformed_reading_fails PASSED [ 20%]
test_subtask_assist.py::ControllerProgressTests::test_preparation_success_is_preparation_only PASSED [ 21%]
test_subtask_assist.py::ControllerProgressTests::test_repeated_next_action_does_not_count_actions PASSED [ 21%]
test_subtask_assist.py::ControllerProgressTests::test_robot_contact_mutation_fails_before_servo PASSED [ 22%]
test_subtask_assist.py::ControllerProgressTests::test_servo_action_returns_legal_float32_7d PASSED [ 22%]
test_subtask_assist.py::ControllerProgressTests::test_single_iteration_uses_active_waypoint PASSED [ 23%]
test_subtask_assist.py::ControllerProgressTests::test_stage_action_budget_boundary PASSED [ 23%]
test_subtask_assist.py::ControllerProgressTests::test_total_action_budget_boundary PASSED [ 24%]
test_subtask_assist.py::ControllerProgressTests::test_true_goal_lost_mutation_fails_before_servo PASSED [ 24%]
test_subtask_assist.py::ControllerProgressTests::test_unknown_complete_mutation_fails_before_servo PASSED [ 25%]
test_subtask_assist.py::ServiceTests::test_base_run_capability_cancellation_prevents_step PASSED [ 25%]
test_subtask_assist.py::ServiceTests::test_disabled_mode_skips_geometry PASSED [ 26%]
test_subtask_assist.py::ServiceTests::test_generic_first_action_uses_prepare_source PASSED [ 26%]
test_subtask_assist.py::ServiceTests::test_geometry_exception_blocks_without_vla PASSED [ 27%]
test_subtask_assist.py::ServiceTests::test_native_goal_predicate_false_or_none_does_not_short_circuit 
test_subtask_assist.py::ServiceTests::test_native_goal_predicate_false_or_none_does_not_short_circuit PASSED [ 27%]
test_subtask_assist.py::ServiceTests::test_native_goals_all_true_but_foreign_held_remains_blocked PASSED [ 28%]
test_subtask_assist.py::ServiceTests::test_native_goals_already_true_short_circuits_preview PASSED [ 28%]
test_subtask_assist.py::ServiceTests::test_non_pickplace_skips_geometry PASSED [ 29%]
test_subtask_assist.py::ServiceTests::test_parent_capability_path_used PASSED [ 29%]
test_subtask_assist.py::ServiceTests::test_ready_resets_queues_once PASSED [ 30%]
test_subtask_assist.py::ServiceTests::test_reset_assist_session_state_clears_helper PASSED [ 30%]
test_subtask_assist.py::ServiceTests::test_run_capability_action_source_audit_and_cleanup PASSED [ 31%]
test_subtask_assist.py::ConvexCertificateTests::test_distinct_hull_data_not_shared_cache PASSED [ 31%]
test_subtask_assist.py::ConvexCertificateTests::test_global_rigid_transform_preserves_gap PASSED [ 32%]
test_subtask_assist.py::ConvexCertificateTests::test_inside_box_not_falsely_excluded PASSED [ 32%]
test_subtask_assist.py::ConvexCertificateTests::test_malformed_convex_raises_preparation_error 
test_subtask_assist.py::ConvexCertificateTests::test_malformed_convex_raises_preparation_error PASSED [ 33%]
test_subtask_assist.py::ConvexCertificateTests::test_real_tetra_outside_box_certificate_clear PASSED [ 33%]
test_subtask_prepare_repair.py::TestSubtaskPreparation::test_downward_heading_is_preserved PASSED [ 34%]
test_subtask_prepare_repair.py::TestSubtaskPreparation::test_non_downward_start_retains_checked_reorientation PASSED [ 34%]
tests/test_collision_grasp.py::TestFirstAction::test_first_action_shape_and_direction PASSED [ 35%]
tests/test_collision_grasp.py::TestMissingDescriptor::test_missing_descriptor_fails PASSED [ 35%]
tests/test_collision_grasp.py::TestRepeatedNextActionFrozen::test_repeated_calls_do_not_advance PASSED [ 36%]
tests/test_collision_grasp.py::TestThreeStageRoute::test_three_aligned_samples_per_stage PASSED [ 36%]
tests/test_collision_grasp.py::TestContactDuringAlign::test_injected_contact_fails_and_counts PASSED [ 37%]
tests/test_collision_grasp.py::TestRotationClearance::test_insufficient_clearance_fails PASSED [ 37%]
tests/test_collision_grasp.py::TestWineRotationDrift::test_20_1_degrees_is_drift PASSED [ 38%]
tests/test_collision_grasp.py::TestTotalBudget::test_total_200_refuses PASSED [ 38%]
tests/test_collision_grasp.py::TestFinalTargets::test_targets_match_side_make_target PASSED [ 39%]
tests/test_collision_grasp.py::TestGeometryDescribe::test_describe_records_only_wine_gripper PASSED [ 39%]
tests/test_collision_grasp.py::TestGeometryDescribe::test_nan_rbound_returns_none PASSED [ 40%]
tests/test_collision_grasp.py::TestRotationLowerExtent::test_invalid_inputs_return_none PASSED [ 40%]
tests/test_collision_grasp.py::TestRotationLowerExtent::test_legacy_descriptor_missing_spheres_returns_sweep PASSED [ 41%]
tests/test_collision_grasp.py::TestRotationLowerExtent::test_single_sphere_identity_rotation_extent_zero PASSED [ 41%]
tests/test_collision_grasp.py::TestRotationLowerExtent::test_single_sphere_rotated_180_returns_larger_extent PASSED [ 42%]
tests/test_grasp_assist_service.py::SelectActionUnitTests::test_active_stage_returns_the_auxiliary_action_directly PASSED [ 42%]
tests/test_grasp_assist_service.py::SelectActionUnitTests::test_confirmed_return_resets_exactly_once_then_stays_vla PASSED [ 43%]
tests/test_grasp_assist_service.py::SelectActionUnitTests::test_failed_phase_raises_before_any_action PASSED [ 43%]
tests/test_grasp_assist_service.py::SelectActionUnitTests::test_idle_not_triggered_keeps_the_vla_action_and_clears_source PASSED [ 44%]
tests/test_grasp_assist_service.py::SelectActionUnitTests::test_latched_observer_error_stops_before_any_inference PASSED [ 44%]
tests/test_grasp_assist_service.py::SelectActionUnitTests::test_no_helper_returns_the_original_action PASSED [ 45%]
tests/test_grasp_assist_service.py::SelectActionUnitTests::test_trigger_handoff_replaces_proposal_resets_once_and_clears_evidence PASSED [ 45%]
tests/test_grasp_assist_service.py::SelectActionUnitTests::test_unknown_geometry_raises_honestly PASSED [ 46%]
tests/test_grasp_assist_service.py::WorkerIntegrationTests::test_cancellation_still_wins_and_is_never_a_failed_grasp PASSED [ 46%]
tests/test_grasp_assist_service.py::WorkerIntegrationTests::test_failed_assist_raises_before_the_next_action PASSED [ 47%]
tests/test_grasp_assist_service.py::WorkerIntegrationTests::test_far_wine_idle_leaves_the_vla_action_unchanged PASSED [ 47%]
tests/test_grasp_assist_service.py::WorkerIntegrationTests::test_local_assist_records_and_confirms PASSED [ 48%]
tests/test_grasp_assist_service.py::WorkerIntegrationTests::test_non_wine_capability_is_untouched PASSED [ 48%]
tests/test_grasp_assist_service.py::WorkerIntegrationTests::test_unknown_geometry_fails_honestly_without_stepping PASSED [ 49%]
tests/test_grasp_assist_service.py::FailClosedIntegrationTests::test_action_sources_flush_failure_stops_before_the_next_action PASSED [ 49%]
tests/test_grasp_assist_service.py::FailClosedIntegrationTests::test_action_sources_write_failure_stops_before_the_next_action PASSED [ 50%]
tests/test_grasp_assist_service.py::FailClosedIntegrationTests::test_audit_open_failure_stops_before_any_action PASSED [ 50%]
tests/test_grasp_assist_service.py::FailClosedIntegrationTests::test_observer_exception_stops_before_the_next_action PASSED [ 51%]
tests/test_grasp_assist_service.py::FailClosedIntegrationTests::test_post_step_geometry_exception_stops_before_the_next_action PASSED [ 51%]
tests/test_grasp_assist_service.py::FailClosedIntegrationTests::test_trigger_proposal_is_recorded_only_for_the_first_local_action PASSED [ 52%]
tests/test_grasp_assist_service.py::JsonDefaultTests::test_dumps_round_trips_numeric_without_stringifying PASSED [ 52%]
tests/test_grasp_assist_service.py::JsonDefaultTests::test_ndarray_is_a_nested_numeric_list PASSED [ 53%]
tests/test_grasp_assist_service.py::JsonDefaultTests::test_numpy_scalar_item_and_other_fallback PASSED [ 53%]
tests/test_grasp_assist_service.py::BudgetOverrideTests::test_execute_overridden_and_clarify_untouched PASSED [ 54%]
tests/test_grasp_assist_service.py::CliContractTests::test_parser_defaults PASSED [ 54%]
tests/test_grasp_assist_service.py::CliContractTests::test_process_environment_convention PASSED [ 55%]
tests/test_grasp_assist_service.py::CliContractTests::test_run_root_is_required PASSED [ 55%]
tests/test_side_grasp.py::ReferenceTests::test_actual_reference_derives_relative_pose PASSED [ 56%]
tests/test_side_grasp.py::ReferenceTests::test_reference_independent_recompute PASSED [ 56%]
tests/test_side_grasp.py::EquivarianceTests::test_body_to_controller_compensation PASSED [ 57%]
tests/test_side_grasp.py::EquivarianceTests::test_rotation_equivariance PASSED [ 57%]
tests/test_side_grasp.py::EquivarianceTests::test_translation_equivariance PASSED [ 58%]
tests/test_side_grasp.py::OffsetTests::test_approach_offset_is_along_hand_z PASSED [ 58%]
tests/test_side_grasp.py::OffsetTests::test_approach_offset_non_world_z PASSED [ 59%]
tests/test_side_grasp.py::FailureTests::test_injected_builders_counter_preservation PASSED [ 59%]
tests/test_side_grasp.py::FailureTests::test_invalid_offset_never_arms PASSED [ 60%]
tests/test_side_grasp.py::FailureTests::test_missing_or_nonfinite_geometry_raises PASSED [ 60%]
tests/test_side_grasp.py::FailureTests::test_read_geometry_missing_body_raises PASSED [ 61%]
tests/test_side_grasp.py::BaseSeamTests::test_base_default_target_and_counters PASSED [ 61%]
tests/test_local_grasp.py::TargetTests::test_make_target_compensates_the_local_pad_offset PASSED [ 62%]
tests/test_local_grasp.py::TargetTests::test_make_target_picks_the_closer_symmetric_neck_frame PASSED [ 62%]
tests/test_local_grasp.py::TargetTests::test_make_target_requires_known_readings PASSED [ 63%]
tests/test_local_grasp.py::TargetTests::test_make_target_uses_wine_rotation_and_the_fixed_neck_height PASSED [ 63%]
tests/test_local_grasp.py::TriggerTests::test_already_wine_held_bypasses PASSED [ 64%]
tests/test_local_grasp.py::TriggerTests::test_far_or_open_hand_never_triggers PASSED [ 64%]
tests/test_local_grasp.py::TriggerTests::test_unknown_observations_never_trigger PASSED [ 65%]
tests/test_local_grasp.py::StateMachineTests::test_above_target_is_the_frozen_grasp_target_plus_clearance PASSED [ 65%]
tests/test_local_grasp.py::StateMachineTests::test_actions_are_finite_float32_with_the_expected_gripper PASSED [ 66%]
tests/test_local_grasp.py::StateMachineTests::test_active_incomplete_grasp_observation_fails PASSED [ 66%]
tests/test_local_grasp.py::StateMachineTests::test_active_unknown_geometry_fails PASSED [ 67%]
tests/test_local_grasp.py::StateMachineTests::test_active_unknown_or_nonbool_grasp_fails PASSED [ 67%]
tests/test_local_grasp.py::StateMachineTests::test_active_unknown_rotation_fails PASSED [ 68%]
tests/test_local_grasp.py::StateMachineTests::test_alignment_stages_then_five_sample_confirmation PASSED [ 68%]
tests/test_local_grasp.py::StateMachineTests::test_each_stage_budget_times_out PASSED [ 69%]
tests/test_local_grasp.py::StateMachineTests::test_foreign_held_object_fails PASSED [ 69%]
tests/test_local_grasp.py::StateMachineTests::test_idle_unknown_trigger_still_returns_none PASSED [ 70%]
tests/test_local_grasp.py::StateMachineTests::test_lift_confirmation_requires_a_real_raise_and_known_grasp PASSED [ 70%]
tests/test_local_grasp.py::StateMachineTests::test_protected_displacement_fails PASSED [ 71%]
tests/test_local_grasp.py::StateMachineTests::test_repeated_next_action_never_counts PASSED [ 71%]
tests/test_local_grasp.py::StateMachineTests::test_summary_reports_the_frozen_evidence PASSED [ 72%]
tests/test_local_grasp.py::StateMachineTests::test_total_budget_boundary_fails_before_another_action PASSED [ 72%]
tests/test_local_grasp.py::ReadGeometryTests::test_geometry_reads_pads_site_and_wxyz_rotation PASSED [ 73%]
test_entry_compatibility.py::TestReferenceTarget::test_make_entry_reference_roundtrip PASSED [ 73%]
test_entry_compatibility.py::TestReferenceTarget::test_object_translation_rz_dims_scale PASSED [ 74%]
test_entry_compatibility.py::TestReferenceTarget::test_provenance_is_deep_copied PASSED [ 74%]
test_entry_compatibility.py::TestReferenceTarget::test_reference_target_with_translation_and_rotation PASSED [ 75%]
test_entry_compatibility.py::TestReferenceTarget::test_rename_object_id_consistently PASSED [ 75%]
test_entry_compatibility.py::TestValidationRejections::test_bad_readings_reject 
test_entry_compatibility.py::TestValidationRejections::test_bad_readings_reject PASSED [ 76%]
test_entry_compatibility.py::TestValidationRejections::test_bool_vector_matrix_rejects 
test_entry_compatibility.py::TestValidationRejections::test_bool_vector_matrix_rejects PASSED [ 76%]
test_entry_compatibility.py::TestValidationRejections::test_dimension_ratio_reject PASSED [ 77%]
test_entry_compatibility.py::TestValidationRejections::test_gap_mismatch_reject PASSED [ 77%]
test_entry_compatibility.py::TestValidationRejections::test_numeric_string_and_nan_and_inf_and_complex 
test_entry_compatibility.py::TestValidationRejections::test_numeric_string_and_nan_and_inf_and_complex PASSED [ 78%]
test_entry_compatibility.py::TestValidationRejections::test_pose_not_downward_reject PASSED [ 78%]
test_entry_compatibility.py::TestValidationRejections::test_provenance_required PASSED [ 79%]
test_entry_compatibility.py::TestValidationRejections::test_reference_invalid_geometry 
test_entry_compatibility.py::TestValidationRejections::test_reference_invalid_geometry PASSED [ 79%]
test_entry_compatibility.py::TestValidationRejections::test_so3_rejects_reflection PASSED [ 80%]
test_entry_compatibility.py::TestValidationRejections::test_so3_rejects_sub_allclose_orthogonality PASSED [ 80%]
test_entry_compatibility.py::TestControllerPlan::test_bridge_endpoint_collision_rejected PASSED [ 81%]
test_entry_compatibility.py::TestControllerPlan::test_caller_mutation_does_not_affect_controller PASSED [ 81%]
test_entry_compatibility.py::TestControllerPlan::test_plan_waypoints PASSED [ 82%]
test_entry_compatibility.py::TestRealObservation::test_four_confirmations_not_enough_fifth_advances PASSED [ 82%]
test_entry_compatibility.py::TestRealObservation::test_generic_ready_freezes_generic_actions PASSED [ 83%]
test_entry_compatibility.py::TestRealObservation::test_generic_ready_phase_preparing_for_bridge PASSED [ 83%]
test_entry_compatibility.py::TestBoundaries::test_bridge_cap_exhausted PASSED [ 84%]
test_entry_compatibility.py::TestBoundaries::test_bridge_cap_reached_exactly PASSED [ 84%]
test_entry_compatibility.py::TestBoundaries::test_generic_budget_exhausted_at_start PASSED [ 85%]
test_entry_compatibility.py::TestBoundaries::test_generic_cap_exhausted_advances_bridge PASSED [ 85%]
test_entry_compatibility.py::TestBoundaries::test_runtime_contact_rejected PASSED [ 86%]
test_entry_compatibility.py::TestBoundaries::test_runtime_held_rejected PASSED [ 86%]
test_entry_compatibility.py::TestBoundaries::test_runtime_incomplete_rejected PASSED [ 87%]
test_entry_compatibility.py::TestBoundaries::test_runtime_protected_move_rejected PASSED [ 87%]
test_entry_compatibility.py::TestBoundaries::test_stage_timeout_reason PASSED [ 88%]
test_joint_home.py::TestJointHome::test_adapter_control_dim_and_getattr_passthrough PASSED [ 88%]
test_joint_home.py::TestJointHome::test_adapter_control_dim_and_run_controller PASSED [ 89%]
test_joint_home.py::TestJointHome::test_adapter_original_mismatch_rejected PASSED [ 89%]
test_joint_home.py::TestJointHome::test_adapter_set_goal_layout PASSED   [ 90%]
test_joint_home.py::TestJointHome::test_adapter_set_goal_rejects_invalid_shape PASSED [ 90%]
test_joint_home.py::TestJointHome::test_adapter_verify_qpos_limits_shape PASSED [ 91%]
test_joint_home.py::TestJointHome::test_home_metrics_arm_speed_gate_each_axis PASSED [ 91%]
test_joint_home.py::TestJointHome::test_home_metrics_boundaries_accepted_and_beyond_fail PASSED [ 92%]
test_joint_home.py::TestJointHome::test_home_metrics_each_arm_position_axis_affects_ready PASSED [ 92%]
test_joint_home.py::TestJointHome::test_home_metrics_each_finger_error_affects_ready PASSED [ 93%]
test_joint_home.py::TestJointHome::test_home_metrics_finger_speed_gate_each_axis PASSED [ 93%]
test_joint_home.py::TestJointHome::test_home_metrics_identity_mismatch_raises PASSED [ 94%]
test_joint_home.py::TestJointHome::test_home_metrics_ready_on_exact PASSED [ 94%]
test_joint_home.py::TestJointHome::test_joint_waypoints_cross_zero_no_angular_wrap PASSED [ 95%]
test_joint_home.py::TestJointHome::test_joint_waypoints_each_axis_reaches_endpoint PASSED [ 95%]
test_joint_home.py::TestJointHome::test_joint_waypoints_inputs_unchanged PASSED [ 96%]
test_joint_home.py::TestJointHome::test_joint_waypoints_reaches_target_and_increments PASSED [ 96%]
test_joint_home.py::TestJointHome::test_joint_waypoints_reject_bad_inputs PASSED [ 97%]
test_joint_home.py::TestJointHome::test_joint_waypoints_shared_alpha_across_axes PASSED [ 97%]
test_joint_home.py::TestJointHome::test_read_robot_state_extracts_arm_and_fingers PASSED [ 98%]
test_joint_home.py::TestJointHome::test_read_robot_state_indexes_only_on_controller PASSED [ 98%]
test_joint_home.py::TestJointHome::test_read_robot_state_rejects_bad_counts_and_nonfinite PASSED [ 99%]
test_joint_home.py::TestJointHome::test_screen_joint_path_ignores_object_object_contact PASSED [ 99%]
test_joint_home.py::TestJointHome::test_screen_joint_path_unchanged_and_collisions PASSED [100%]

=============================== warnings summary ===============================
../../../../../home/yhwang/fyp/libero_demo/venv/lib/python3.12/site-packages/robosuite/__init__.py:30
  /home/yhwang/fyp/libero_demo/venv/lib/python3.12/site-packages/robosuite/__init__.py:30: SyntaxWarning: invalid escape sequence '\ '
    __logo__ = """

../../../../../home/yhwang/fyp/libero_demo/venv/lib/python3.12/site-packages/robosuite/__init__.py:7
  /home/yhwang/fyp/libero_demo/venv/lib/python3.12/site-packages/robosuite/__init__.py:7: DeprecationWarning: The 'warn' method is deprecated, use 'warning' instead
    ROBOSUITE_DEFAULT_LOGGER.warn("No private macro file found!")

../../../../../home/yhwang/fyp/libero_demo/venv/lib/python3.12/site-packages/robosuite/__init__.py:8
  /home/yhwang/fyp/libero_demo/venv/lib/python3.12/site-packages/robosuite/__init__.py:8: DeprecationWarning: The 'warn' method is deprecated, use 'warning' instead
    ROBOSUITE_DEFAULT_LOGGER.warn("It is recommended to use a private macro file")

../../../../../home/yhwang/fyp/libero_demo/venv/lib/python3.12/site-packages/robosuite/__init__.py:9
  /home/yhwang/fyp/libero_demo/venv/lib/python3.12/site-packages/robosuite/__init__.py:9: DeprecationWarning: The 'warn' method is deprecated, use 'warning' instead
    ROBOSUITE_DEFAULT_LOGGER.warn("To setup, run: python {}/scripts/setup_macros.py".format(robosuite.__path__[0]))

-- Docs: https://docs.pytest.org/en/stable/how-to/capture-warnings.html
- generated xml file: /mnt/d/FYP/First_Phase/tmp/joint_home_20261009_software_junit.xml -
======== 200 passed, 4 warnings, 31 subtests passed in 79.79s (0:01:19) ========
