test_compute_unique_actual_streak (test_pilot.TestPureHelpers.test_compute_unique_actual_streak) ... ok
test_compute_unique_actual_streak_rejects_duplicate (test_pilot.TestPureHelpers.test_compute_unique_actual_streak_rejects_duplicate) ... ok
test_dedup_last_n_ordered_dedups_timestamp (test_pilot.TestPureHelpers.test_dedup_last_n_ordered_dedups_timestamp) ... ok
test_eligible_branch_uses_allow_helper (test_pilot.TestPureHelpers.test_eligible_branch_uses_allow_helper) ... ok
test_eval_gold_predicates_missing_key_raises (test_pilot.TestPureHelpers.test_eval_gold_predicates_missing_key_raises) ... ok
test_false_goal_predicate_is_not_unknown (test_pilot.TestPureHelpers.test_false_goal_predicate_is_not_unknown) ... ok
test_negative_routing (test_pilot.TestPureHelpers.test_negative_routing) ... ok
test_negative_routing_all_fixed_states (test_pilot.TestPureHelpers.test_negative_routing_all_fixed_states) ... ok
test_no_phantom_state_or_bare_sha_call (test_pilot.TestPureHelpers.test_no_phantom_state_or_bare_sha_call) ... ok
test_predicate_key (test_pilot.TestPureHelpers.test_predicate_key) ... ok
test_preflight_source_validation_with_tempfile (test_pilot.TestPureHelpers.test_preflight_source_validation_with_tempfile) ... ok
test_sensor_frames_list_existing_merged (test_pilot.TestPureHelpers.test_sensor_frames_list_existing_merged) ... ok
test_sensor_frames_list_orders_and_sets_frame (test_pilot.TestPureHelpers.test_sensor_frames_list_orders_and_sets_frame) ... ok
test_turn_ready_real_gold_layer_home_outside (test_pilot.TestPureHelpers.test_turn_ready_real_gold_layer_home_outside) ... ok
test_turn_ready_without_static_entry (test_pilot.TestPureHelpers.test_turn_ready_without_static_entry) ... ok
test_validate_context_origin_bad (test_pilot.TestPureHelpers.test_validate_context_origin_bad) ... ok
test_validate_context_origin_ok (test_pilot.TestPureHelpers.test_validate_context_origin_ok) ... ok

----------------------------------------------------------------------
Ran 17 tests in 0.056s

OK
