test_place_complete_ignores_operation_achieved (test_vision.DecideTests.test_place_complete_ignores_operation_achieved) ... ok
test_supported_held_needs_release (test_vision.DecideTests.test_supported_held_needs_release) ... ok
test_turn_needs_retreat (test_vision.DecideTests.test_turn_needs_retreat) ... ok
test_unknown_denies (test_vision.DecideTests.test_unknown_denies) ... ok
test_unsupported_blocks_release (test_vision.DecideTests.test_unsupported_blocks_release) ... ok
test_constructor_no_io (test_vision.ImportSafetyTests.test_constructor_no_io) ... ok
test_naked_and_fence (test_vision.ParseTests.test_naked_and_fence) ... ok
test_reject_prose (test_vision.ParseTests.test_reject_prose) ... ok
test_leading_trailing_prose_rejected (test_vision.ParserFinalTests.test_leading_trailing_prose_rejected) ... ok
test_multiple_fences_rejected (test_vision.ParserFinalTests.test_multiple_fences_rejected) ... ok
test_naked_and_fenced_success (test_vision.ParserFinalTests.test_naked_and_fenced_success) ... ok
test_non_dict_rejected (test_vision.ParserFinalTests.test_non_dict_rejected) ... ok
test_excludes_hidden_fields (test_vision.PromptTests.test_excludes_hidden_fields) ... ok
test_frames_strip_extra (test_vision.PromptTests.test_frames_strip_extra) ... ok
test_validates_context (test_vision.PromptTests.test_validates_context) ... ok
test_bad_schema (test_vision.QwenTests.test_bad_schema) ... ok
test_budget_charge_on_http_error (test_vision.QwenTests.test_budget_charge_on_http_error) ... ok
test_success (test_vision.QwenTests.test_success) ... ok
test_boxes (test_vision.VerdictTests.test_boxes) ... ok
test_null_and_bool_rejections (test_vision.VerdictTests.test_null_and_bool_rejections) ... ok

----------------------------------------------------------------------
Ran 20 tests in 0.060s

OK
